[Licensing::Module] Trying to connect to existing licensing client channel...
Built from '6000.5/staging' branch; Version is '6000.5.7f1 (017862109af0) revision 96354'; Using compiler version '194234433'; Build Type 'Release'
OS: 'Windows 11  (10.0.26100) Professional' Language: 'pt' Physical Memory: 32400 MB
[Licensing::IpcConnector] Successfully connected to: "LicenseClient-00000859601" at "2026-10-02T23:33:50.4735504Z"
BatchMode: 1, IsHumanControllingUs: 0, StartBugReporterOnCrash: 0, Is64bit: 1
System  architecture: x64
Process architecture: x64
Date: 2026-10-02T23:33:50Z

COMMAND LINE ARGUMENTS:
C:\Program Files\Unity\Hub\Editor\6000.5.7f1\Editor\Unity.exe
-adb2
-batchMode
-noUpm
-name
AssetImportWorkerHW0
-projectPath
C:/Users/00000859601/Documents/GitHub/oto/HUGUINHO
-logFile
Logs/AssetImportWorkerHW0.log
-srvPort
64869
-parentPid
25220
-analyticsCloudUserId
anonymous
-analyticsCloudProjectId
66f15784-6da3-4f07-ab02-e870f0a7b451
-analyticsLocalProjectId
000f034dd354a294186c9ecbddd59804
-editorAnalyticsEnabled
1
-cbmEditorLicense
8d3b35c704b36772ce0f05fa898ccf4ded980f78
-cbmMachineId
frRfylFy/3RPPWzY6fdmOjaBO1s=
-licensingIpc
LicenseClient-00000859601
-noDiagnosticSwitchPersistentStore
-job-worker-count
11
-background-job-worker-count
8
-asset-garbage-collectors
1
-force-d3d12
-name
AssetImport
Successfully changed project path to: C:/Users/00000859601/Documents/GitHub/oto/HUGUINHO
C:/Users/00000859601/Documents/GitHub/oto/HUGUINHO
[UnityMemory] Configuration Parameters - Can be set up in boot.config
    "memorysetup-temp-allocator-size-gi-baking-worker=262144"
    "memorysetup-temp-allocator-size-gi-baking-worker=262144"
    "memorysetup-temp-allocator-size-gi-baking-worker=262144"
    "memorysetup-temp-allocator-size-gi-baking-worker=262144"
    "memorysetup-temp-allocator-size-gi-baking-worker=262144"
    "memorysetup-temp-allocator-size-nav-mesh-worker=65536"
    "memorysetup-temp-allocator-size-audio-worker=65536"
    "memorysetup-temp-allocator-size-cloud-worker=32768"
    "memorysetup-temp-allocator-size-gfx=262144"
    "memorysetup-temp-allocator-size-preload-manager=33554432"
    "memorysetup-allocator-temp-initial-block-size-main=262144"
    "memorysetup-allocator-temp-initial-block-size-worker=262144"
    "memorysetup-temp-allocator-size-job-worker=262144"
    "memorysetup-temp-allocator-size-background-worker=32768"
    "memorysetup-bucket-allocator-granularity=16"
    "memorysetup-bucket-allocator-bucket-count=8"
    "memorysetup-bucket-allocator-block-size=33554432"
    "memorysetup-bucket-allocator-block-count=8"
    "memorysetup-main-allocator-block-size=16777216"
    "memorysetup-thread-allocator-block-size=16777216"
    "memorysetup-main-allocator-mimalloc-enabled=0"
    "memorysetup-gfx-main-allocator-block-size=16777216"
    "memorysetup-gfx-thread-allocator-block-size=16777216"
    "memorysetup-cache-allocator-block-size=4194304"
    "memorysetup-typetree-allocator-block-size=2097152"
    "memorysetup-profiler-bucket-allocator-granularity=16"
    "memorysetup-profiler-bucket-allocator-bucket-count=8"
    "memorysetup-profiler-bucket-allocator-block-size=33554432"
    "memorysetup-profiler-bucket-allocator-block-count=8"
    "memorysetup-profiler-allocator-block-size=16777216"
    "memorysetup-profiler-editor-allocator-block-size=1048576"
    "memorysetup-temp-allocator-size-main=16777216"
    "memorysetup-job-temp-allocator-block-size=2097152"
    "memorysetup-job-temp-allocator-block-size-background=1048576"
    "memorysetup-job-temp-allocator-reduction-small-platforms=262144"
Player connection [4400]  Target information:

Player connection [4400]  * "[IP] 10.1.1.142 [Port] 0 [Flags] 2 [Guid] 1057373849 [EditorId] 1057373849 [Version] 1048832 [Id] WindowsEditor(7,A406-15) [Debug] 1 [PackageName] WindowsEditor [ProjectName] Editor" 

Player connection [4400] Host joined multi-casting on [225.0.0.222:54997]...
Player connection [4400] Host joined alternative multi-casting on [225.0.0.222:34997]...
JobSystem: Creating JobQueue using job-worker-count value 11
Input System module state changed to: Initialized.
[Physics::Module] Initialized fallback backend.
[Physics::Module] Id: 0xdecafbad
Library Redirect Path: Library/
[Physics::Module] Selected backend.
[Physics::Module] Name: PhysX
[Physics::Module] Id: 0xf2b8ea05
[Physics::Module] SDK Version: 4.1.2
[Physics::Module] Integration Version: 1.0.0
[Physics::Module] Threading Mode: Multi-Threaded
Refreshing native plugins compatible for Editor in 2.02 ms, found 4 plugins.
Initialize engine version: 6000.5.7f1 (017862109af0)
[Subsystems] Discovering subsystems at path C:/Program Files/Unity/Hub/Editor/6000.5.7f1/Editor/Data/Resources/UnitySubsystems
[Subsystems] Discovering subsystems at path C:/Users/00000859601/Documents/GitHub/oto/HUGUINHO/Assets
Forcing GfxDevice: Direct3D 12
GfxDevice: creating device client; kGfxThreadingModeNonThreaded
d3d12: failed to query info queue interface (0x80004002).
Direct3D:
    Version:         Direct3D 12 [level 12.1]
    Renderer:        NVIDIA T1000 8GB (ID=0x1ff0)
    Vendor:          NVIDIA
    VRAM:            8015 MB
    App VRAM Budget: 7247 MB
    Driver:          32.0.15.9651
Initialize mono
Mono path[0] = 'C:/Program Files/Unity/Hub/Editor/6000.5.7f1/Editor/Data/Managed'
Mono path[1] = 'C:/Program Files/Unity/Hub/Editor/6000.5.7f1/Editor/Data/BCLExtensions/runtime/netstandard2.1'
Mono path[2] = 'C:/Program Files/Unity/Hub/Editor/6000.5.7f1/Editor/Data/MonoBleedingEdge/lib/mono/unityjit-win32'
Mono config path = 'C:/Program Files/Unity/Hub/Editor/6000.5.7f1/Editor/Data/MonoBleedingEdge/etc'
Using monoOptions --debugger-agent=transport=dt_socket,embedding=1,server=y,suspend=n,address=127.0.0.1:56716
CodeReloadManager initialized
Begin MonoManager ReloadAssembly
[Licensing::Client] Error: HandshakeResponse reported an error:
	ResponseCode: 505
	ResponseStatus: Unsupported protocol version '1.18.1'.
[Licensing::Module] Error: Failed to handshake to channel: "LicenseClient-00000859601"
[Licensing::IpcConnector] LicenseClient-00000859601 channel disconnected successfully.
[Licensing::IpcConnector] Successfully connected to: "LicenseClient-00000859601-6000.5.7" at "2026-10-02T23:33:51.0998604Z"
[Licensing::Client] Code 10 while verifying Licensing Client signature (process Id: 13936, path: "C:/Program Files/Unity/Hub/Editor/6000.5.7f1/Editor/Data/Resources/Licensing/Client/Unity.Licensing.Client.exe")
[Licensing::Module] LicensingClient has failed validation; ignoring
[Licensing::Client] Handshaking with LicensingClient:
  Version:                 1.18.1+9fbee8e
  Session Id:              3a1a48b9de574e6984aa392d28a52ac1
  Correlation Id:          49063d8bc7ebba5c3d0829761984efb9
  External correlation Id: 7155792230079691211
  Machine Id:              frRfylFy/3RPPWzY6fdmOjaBO1s=
[Licensing::Module] Successfully connected to LicensingClient on channel: "LicenseClient-00000859601-6000.5.7" (connect: 0.00s, validation: 0.01s, handshake: 0.00s)
[Licensing::IpcConnector] Successfully connected to: "LicenseClient-00000859601-6000.5.7-notifications" at "2026-10-02T23:33:51.1113839Z"
[Licensing::Module] Licensing Background thread has ended after 0.64s
Registering precompiled unity dll's ...
Register platform support module: C:/Program Files/Unity/Hub/Editor/6000.5.7f1/Editor/Data/PlaybackEngines/WindowsStandaloneSupport/UnityEditor.WindowsStandalone.Extensions.dll
Registered in 0.001234 seconds.
Native extension for WindowsStandalone target not found
Package Manager log level set to [2]
[Package Manager] Failed to launch server process. Reason: Unity was launched with the -noUpm command-line argument
[Package Manager] Unable to send message (not connected to server process).
[Package Manager] Cannot connect to Unity Package Manager local server
ScheduleIndexationOnStartup MainProcess:False IndexOnStartup:True
Mono: successfully reloaded assembly
- Finished resetting the current domain, in  0.337 seconds
Domain Reload Profiling: 739ms
	BeginReloadAssembly (91ms)
	RebuildCommonClasses (5ms)
	RebuildNativeTypeToScriptingClass (12ms)
	initialDomainReloadingComplete (52ms)
	LoadAllAssembliesAndSetupDomain (241ms)
		LoadAssemblies (88ms)
		AnalyzeDomain (168ms)
			TypeCache.Refresh (166ms)
				TypeCache.ScanAssembly (153ms)
	FinalizeReload (338ms)
		SetupLoadedEditorAssemblies (0ms)
			InitializePlatformSupportModulesInManaged (3ms)
			BeforeProcessingInitializeOnLoad (90ms)
			ProcessInitializeOnLoadAttributes (78ms)
			ProcessInitializeOnLoadMethodAttributes (89ms)
Initializing Unity extensions:
[Licensing::Client] Successfully resolved entitlement details
[Licensing::Module] License group:
  Id: 4674073764412-UnityPersXXXX
  Product: Unity Personal
  Type: Assigned
  Expiration: Unlimited
Curl error 3: URL rejected: Malformed input to a URL function
========================================================================
Worker process is ready to serve import requests
Import Worker Mode flag is 0x00
Begin MonoManager ReloadAssembly
Native extension for WindowsStandalone target not found
[Package Manager] Failed to launch server process. Reason: Unity was launched with the -noUpm command-line argument
[Package Manager] Unable to send message (not connected to server process).
[Package Manager] Cannot connect to Unity Package Manager local server
[Package Manager] Failed to launch server process. Reason: Unity was launched with the -noUpm command-line argument
[Package Manager] Unable to send message (not connected to server process).
[Package Manager] Cannot connect to Unity Package Manager local server
ScheduleIndexationOnStartup MainProcess:False IndexOnStartup:True
Mono: successfully reloaded assembly
- Finished resetting the current domain, in  0.543 seconds
Domain Reload Profiling: 1163ms
	BeginReloadAssembly (135ms)
		DisableScriptedObjects (7ms)
		CreateAndSetChildDomain (21ms)
	RebuildCommonClasses (6ms)
	RebuildNativeTypeToScriptingClass (12ms)
	initialDomainReloadingComplete (37ms)
	LoadAllAssembliesAndSetupDomain (429ms)
		LoadAssemblies (242ms)
		AnalyzeDomain (180ms)
			TypeCache.Refresh (126ms)
				TypeCache.ScanAssembly (114ms)
			BuildScriptInfoCaches (49ms)
			ResolveRequiredComponents (3ms)
	FinalizeReload (544ms)
		SetupLoadedEditorAssemblies (0ms)
			BeforeProcessingInitializeOnLoad (65ms)
			ProcessInitializeOnLoadAttributes (216ms)
			ProcessInitializeOnLoadMethodAttributes (88ms)
			AfterProcessingInitializeOnLoad (4ms)
AcceleratorClientConnectionCallback - disconnected - :0
Launched and connected shader compiler UnityShaderCompiler.exe after 0.01 seconds
Unloading 22 Unused Serialized files (Serialized files now loaded: 0)
Unloading 6630 unused Assets / (7.4 MB). Loaded Objects now: 7454.
Memory consumption went from 327.8 MB to 320.5 MB.
Total: 7.895500 ms (FindLiveObjects: 0.459500 ms CreateObjectMapping: 1.221700 ms MarkObjects: 3.480400 ms  DeleteObjects: 2.732200 ms)

Curl error 3: URL rejected: Malformed input to a URL function
========================================================================
Received Prepare
AcceleratorClientConnectionCallback - disconnected - :0
Unloading 22 Unused Serialized files (Serialized files now loaded: 0)
Unloading 22 unused Assets / (2.6 MB). Loaded Objects now: 7454.
Memory consumption went from 320.5 MB to 317.9 MB.
Total: 4.705800 ms (FindLiveObjects: 0.381800 ms CreateObjectMapping: 0.537600 ms MarkObjects: 3.524200 ms  DeleteObjects: 0.261400 ms)

Prepare: number of updated asset objects reloaded= 0
========================================================================
Received Import Request.
  Time of request: 2026-10-02T23:33:55.7568782Z
  Time since last request: 14734.61993679999978 seconds.
  importAddress: GUID: 99c9720ab356a0642a771bea13969a05 - Path: Assets/Scenes/SampleScene.unity - Importer: ScriptedImporter/UnityEditor.QuickSearchModule:UnityEditor.Search:ASIAI0B
Importing 'GUID: 99c9720ab356a0642a771bea13969a05 - Path: Assets/Scenes/SampleScene.unity - Importer: ScriptedImporter/UnityEditor.QuickSearchModule:UnityEditor.Search:ASIAI0B' with importer (ScriptedImporter : UnityEditor.QuickSearchModule:UnityEditor.Search:ASIAI0B)
Imported 'GUID: 99c9720ab356a0642a771bea13969a05' -> (Import Result ID: 'd389a26145cfc81809c8ce5528a526ad') in 0.052 seconds [static and dynamic dependencies]. Details - ImportResultOutputID=db5418412105d1c61882956f823aec5b DependenciesID=bba84f9c54e48ae5440a9b448f2edfdb StaticDependenciesID=e649555bb19c1411f21cafbeceead13f 
Number of updated asset objects reloaded before import = 0
Number of asset objects unloaded after import = 1
========================================================================
Received Import Request.
  Time of request: 2026-10-02T23:33:55.8170647Z
  Time since last request: 0.0001807 seconds.
  importAddress: GUID: 68149e9e81866724d8e70dd47c8c392d - Path: Assets/scripts/Projectile.cs - Importer: ScriptedImporter/UnityEditor.QuickSearchModule:UnityEditor.Search:ASIAI0B
Importing 'GUID: 68149e9e81866724d8e70dd47c8c392d - Path: Assets/scripts/Projectile.cs - Importer: ScriptedImporter/UnityEditor.QuickSearchModule:UnityEditor.Search:ASIAI0B' with importer (ScriptedImporter : UnityEditor.QuickSearchModule:UnityEditor.Search:ASIAI0B)
Imported 'GUID: 68149e9e81866724d8e70dd47c8c392d' -> (Import Result ID: 'dceb6d8fccc86314c6cdea649a23d3af') in 0.016 seconds [static and dynamic dependencies]. Details - ImportResultOutputID=ec1772c02e6eaca66c2cab6f8882a47a DependenciesID=50b974a54d666b36b01241458b19cae8 StaticDependenciesID=9e9c4b0dfb0f9044eee7db14ca5bb2b4 
Number of updated asset objects reloaded before import = 0
Number of asset objects unloaded after import = 0
========================================================================
Received Import Request.
  Time of request: 2026-10-02T23:33:55.8406388Z
  Time since last request: 0.000285 seconds.
  importAddress: GUID: 0623c50e2f208804da971d47c8916ba2 - Path: Assets/scripts/ShootPool.cs - Importer: ScriptedImporter/UnityEditor.QuickSearchModule:UnityEditor.Search:ASIAI0B
Importing 'GUID: 0623c50e2f208804da971d47c8916ba2 - Path: Assets/scripts/ShootPool.cs - Importer: ScriptedImporter/UnityEditor.QuickSearchModule:UnityEditor.Search:ASIAI0B' with importer (ScriptedImporter : UnityEditor.QuickSearchModule:UnityEditor.Search:ASIAI0B)
Imported 'GUID: 0623c50e2f208804da971d47c8916ba2' -> (Import Result ID: '13fc0eed6ac6f1672d964008186590a0') in 0.003 seconds [static and dynamic dependencies]. Details - ImportResultOutputID=b355bf25ea831543efb86fedcbb21fce DependenciesID=9a5c20022ead458309f6121bf1fb8f07 StaticDependenciesID=c4a933e901aa7d110d6715bbc2b8b0c1 
Number of updated asset objects reloaded before import = 0
Number of asset objects unloaded after import = 0
========================================================================
Received Import Request.
  Time of request: 2026-10-02T23:39:50.6298707Z
  Time since last request: 354.77671570000001 seconds.
  importAddress: GUID: 7c9e162a5188508488ca35750a7aca1a - Path: Assets/scripts/NavMesh.cs - Importer: PreviewImporter
Importing 'GUID: 7c9e162a5188508488ca35750a7aca1a - Path: Assets/scripts/NavMesh.cs - Importer: PreviewImporter' with importer (PreviewImporter)
Imported 'GUID: 7c9e162a5188508488ca35750a7aca1a' -> (Import Result ID: 'eed950a965304645abcd592877243604') in 0.001 seconds [static and dynamic dependencies]. Details - ImportResultOutputID=14524dc1341b14fe3f3fbc6bd2544bd2 DependenciesID=ed243266e6dbd04d7bd09b0b73a10cd8 StaticDependenciesID=505976750f8d53fcdbad3acd6cf0132b 
Number of updated asset objects reloaded before import = 0
Number of asset objects unloaded after import = 0
========================================================================
Received Prepare
AcceleratorClientConnectionCallback - disconnected - :0
Refreshing native plugins compatible for Editor in 3.05 ms, found 4 plugins.
Unloading 22 Unused Serialized files (Serialized files now loaded: 0)
Unloading 6615 unused Assets / (5.1 MB). Loaded Objects now: 7456.
Memory consumption went from 327.5 MB to 322.4 MB.
Total: 12.558500 ms (FindLiveObjects: 0.975500 ms CreateObjectMapping: 2.722800 ms MarkObjects: 6.285300 ms  DeleteObjects: 2.574100 ms)

Prepare: number of updated asset objects reloaded= 0
========================================================================
Received Import Request.
  Time of request: 2026-10-02T23:40:26.0598285Z
  Time since last request: 35.4219657 seconds.
  importAddress: GUID: 7c9e162a5188508488ca35750a7aca1a - Path: Assets/scripts/NavMesh.cs - Importer: PreviewImporter
Importing 'GUID: 7c9e162a5188508488ca35750a7aca1a - Path: Assets/scripts/NavMesh.cs - Importer: PreviewImporter' with importer (PreviewImporter)
Imported 'GUID: 7c9e162a5188508488ca35750a7aca1a' -> (Import Result ID: 'ea7031a333937887df1326d6eb0f8ab2') in 0.001 seconds [static and dynamic dependencies]. Details - ImportResultOutputID=14524dc1341b14fe3f3fbc6bd2544bd2 DependenciesID=33bd4bbb1e34b070278984d2ab23eb0d StaticDependenciesID=8cd40383b9a18428ac4170b92bc91734 
Number of updated asset objects reloaded before import = 0
Number of asset objects unloaded after import = 0
========================================================================
Received Import Request.
  Time of request: 2026-10-02T23:40:26.7915872Z
  Time since last request: 0.7188959 seconds.
  importAddress: GUID: 7c9e162a5188508488ca35750a7aca1a - Path: Assets/scripts/NavMesh.cs - Importer: ScriptedImporter/UnityEditor.QuickSearchModule:UnityEditor.Search:ASIAI0B
Importing 'GUID: 7c9e162a5188508488ca35750a7aca1a - Path: Assets/scripts/NavMesh.cs - Importer: ScriptedImporter/UnityEditor.QuickSearchModule:UnityEditor.Search:ASIAI0B' with importer (ScriptedImporter : UnityEditor.QuickSearchModule:UnityEditor.Search:ASIAI0B)
Imported 'GUID: 7c9e162a5188508488ca35750a7aca1a' -> (Import Result ID: '12c915b8db50cf5689f6b559da9fc5f0') in 0.008 seconds [static and dynamic dependencies]. Details - ImportResultOutputID=343d65e72df08bef723e27f17cce4d5a DependenciesID=324adce91166610f3ced512c54e9fea9 StaticDependenciesID=5d1c98681df3b9e4f44461c9291c5abf 
Number of updated asset objects reloaded before import = 0
Number of asset objects unloaded after import = 0
========================================================================
Received Prepare
AcceleratorClientConnectionCallback - disconnected - :0
[Licensing::Client] Successfully resolved entitlement details
Begin MonoManager ReloadAssembly
Refreshing native plugins compatible for Editor in 2.92 ms, found 4 plugins.
Native extension for WindowsStandalone target not found
[Package Manager] Failed to launch server process. Reason: Unity was launched with the -noUpm command-line argument
[Package Manager] Unable to send message (not connected to server process).
[Package Manager] Cannot connect to Unity Package Manager local server
[Package Manager] Failed to launch server process. Reason: Unity was launched with the -noUpm command-line argument
[Package Manager] Unable to send message (not connected to server process).
[Package Manager] Cannot connect to Unity Package Manager local server
ScheduleIndexationOnStartup MainProcess:False IndexOnStartup:True
Mono: successfully reloaded assembly
- Finished resetting the current domain, in  1.173 seconds
Domain Reload Profiling: 2439ms
	BeginReloadAssembly (297ms)
		DisableScriptedObjects (14ms)
		CreateAndSetChildDomain (63ms)
	RebuildCommonClasses (11ms)
	RebuildNativeTypeToScriptingClass (21ms)
	initialDomainReloadingComplete (106ms)
	LoadAllAssembliesAndSetupDomain (831ms)
		LoadAssemblies (530ms)
		AnalyzeDomain (271ms)
			TypeCache.Refresh (15ms)
			BuildScriptInfoCaches (246ms)
			ResolveRequiredComponents (6ms)
	FinalizeReload (1174ms)
		SetupLoadedEditorAssemblies (0ms)
			InitializePlatformSupportModulesInManaged (3ms)
			BeforeProcessingInitializeOnLoad (143ms)
			ProcessInitializeOnLoadAttributes (411ms)
			ProcessInitializeOnLoadMethodAttributes (156ms)
			AfterProcessingInitializeOnLoad (15ms)
		AwakeInstancesAfterBackupRestoration (21ms)
Refreshing native plugins compatible for Editor in 2.86 ms, found 4 plugins.
Unloading 22 Unused Serialized files (Serialized files now loaded: 0)
Unloading 6626 unused Assets / (4.2 MB). Loaded Objects now: 7500.
Memory consumption went from 336.8 MB to 332.6 MB.
Total: 12.859800 ms (FindLiveObjects: 1.436600 ms CreateObjectMapping: 2.625600 ms MarkObjects: 6.264600 ms  DeleteObjects: 2.531900 ms)

Prepare: number of updated asset objects reloaded= 0
========================================================================
Received Import Request.
  Time of request: 2026-10-02T23:45:21.505422Z
  Time since last request: 294.68429579999997 seconds.
  importAddress: GUID: 7c9e162a5188508488ca35750a7aca1a - Path: Assets/scripts/NavMesh.cs - Importer: PreviewImporter
Importing 'GUID: 7c9e162a5188508488ca35750a7aca1a - Path: Assets/scripts/NavMesh.cs - Importer: PreviewImporter' with importer (PreviewImporter)
Imported 'GUID: 7c9e162a5188508488ca35750a7aca1a' -> (Import Result ID: '3a0efd268113461516b91680a4b09b2d') in 0.003 seconds [static and dynamic dependencies]. Details - ImportResultOutputID=14524dc1341b14fe3f3fbc6bd2544bd2 DependenciesID=70a3cf37970d8c00fa5c888827deda70 StaticDependenciesID=8cd40383b9a18428ac4170b92bc91734 
Number of updated asset objects reloaded before import = 0
Number of asset objects unloaded after import = 0
========================================================================
Received Prepare
AcceleratorClientConnectionCallback - disconnected - :0
Refreshing native plugins compatible for Editor in 2.47 ms, found 4 plugins.
Unloading 22 Unused Serialized files (Serialized files now loaded: 0)
Unloading 6615 unused Assets / (5.3 MB). Loaded Objects now: 7500.
Memory consumption went from 338.9 MB to 333.6 MB.
Total: 12.365400 ms (FindLiveObjects: 1.026200 ms CreateObjectMapping: 2.389000 ms MarkObjects: 6.203900 ms  DeleteObjects: 2.745000 ms)

Prepare: number of updated asset objects reloaded= 0
========================================================================
Received Prepare
AcceleratorClientConnectionCallback - disconnected - :0
[Licensing::Client] Successfully resolved entitlement details
Begin MonoManager ReloadAssembly
Refreshing native plugins compatible for Editor in 4.10 ms, found 4 plugins.
Native extension for WindowsStandalone target not found
[Package Manager] Failed to launch server process. Reason: Unity was launched with the -noUpm command-line argument
[Package Manager] Unable to send message (not connected to server process).
[Package Manager] Cannot connect to Unity Package Manager local server
[Package Manager] Failed to launch server process. Reason: Unity was launched with the -noUpm command-line argument
[Package Manager] Unable to send message (not connected to server process).
[Package Manager] Cannot connect to Unity Package Manager local server
ScheduleIndexationOnStartup MainProcess:False IndexOnStartup:True
Mono: successfully reloaded assembly
- Finished resetting the current domain, in  0.898 seconds
Domain Reload Profiling: 2155ms
	BeginReloadAssembly (297ms)
		DisableScriptedObjects (16ms)
		CreateAndSetChildDomain (64ms)
	RebuildCommonClasses (11ms)
	RebuildNativeTypeToScriptingClass (21ms)
	initialDomainReloadingComplete (108ms)
	LoadAllAssembliesAndSetupDomain (819ms)
		LoadAssemblies (507ms)
		AnalyzeDomain (280ms)
			TypeCache.Refresh (17ms)
			BuildScriptInfoCaches (254ms)
			ResolveRequiredComponents (6ms)
	FinalizeReload (899ms)
		SetupLoadedEditorAssemblies (0ms)
			BeforeProcessingInitializeOnLoad (113ms)
			ProcessInitializeOnLoadAttributes (323ms)
			ProcessInitializeOnLoadMethodAttributes (155ms)
			AfterProcessingInitializeOnLoad (17ms)
		AwakeInstancesAfterBackupRestoration (24ms)
Refreshing native plugins compatible for Editor in 2.75 ms, found 4 plugins.
Unloading 22 Unused Serialized files (Serialized files now loaded: 0)
Unloading 6626 unused Assets / (5.0 MB). Loaded Objects now: 7503.
Memory consumption went from 338.9 MB to 333.9 MB.
Total: 12.904400 ms (FindLiveObjects: 0.921200 ms CreateObjectMapping: 2.465200 ms MarkObjects: 6.850300 ms  DeleteObjects: 2.667100 ms)

Prepare: number of updated asset objects reloaded= 0
========================================================================
Received Import Request.
  Time of request: 2026-10-02T23:52:11.3480883Z
  Time since last request: 409.81997969999998 seconds.
  importAddress: GUID: 68149e9e81866724d8e70dd47c8c392d - Path: Assets/scripts/Projectile.cs - Importer: ScriptedImporter/UnityEditor.QuickSearchModule:UnityEditor.Search:ASIAI0B
Importing 'GUID: 68149e9e81866724d8e70dd47c8c392d - Path: Assets/scripts/Projectile.cs - Importer: ScriptedImporter/UnityEditor.QuickSearchModule:UnityEditor.Search:ASIAI0B' with importer (ScriptedImporter : UnityEditor.QuickSearchModule:UnityEditor.Search:ASIAI0B)
Imported 'GUID: 68149e9e81866724d8e70dd47c8c392d' -> (Import Result ID: 'cd4306c0287d2e6030a0e33c48012551') in 0.053 seconds [static and dynamic dependencies]. Details - ImportResultOutputID=39a69621a67d71a43bdefc02771d3950 DependenciesID=cb27db5fbd7d2bc978028b721331d1e8 StaticDependenciesID=0d3f28a4b2f7c5fa07a307a79d4296ae 
Number of updated asset objects reloaded before import = 0
Number of asset objects unloaded after import = 0
========================================================================
Received Prepare
AcceleratorClientConnectionCallback - disconnected - :0
Unloading 22 Unused Serialized files (Serialized files now loaded: 0)
Unloading 6616 unused Assets / (5.1 MB). Loaded Objects now: 7504.
Memory consumption went from 339.2 MB to 334.1 MB.
Total: 8.260800 ms (FindLiveObjects: 0.542500 ms CreateObjectMapping: 2.213100 ms MarkObjects: 3.947200 ms  DeleteObjects: 1.557000 ms)

Prepare: number of updated asset objects reloaded= 0
========================================================================
Received Import Request.
  Time of request: 2026-10-02T23:52:18.7239942Z
  Time since last request: 7.3130809 seconds.
  importAddress: GUID: 14a5459b46f69064cb9575aab1f977c0 - Path: Assets/scripts/EnemyNavMesh.cs - Importer: PreviewImporter
Importing 'GUID: 14a5459b46f69064cb9575aab1f977c0 - Path: Assets/scripts/EnemyNavMesh.cs - Importer: PreviewImporter' with importer (PreviewImporter)
Imported 'GUID: 14a5459b46f69064cb9575aab1f977c0' -> (Import Result ID: '2b5a0958dbfd9e1d98daed9fd6bb45ac') in 0.002 seconds [static and dynamic dependencies]. Details - ImportResultOutputID=ebca2ef83f675debbc1ea0178756a59b DependenciesID=37fed1a53d435d64101867bf68b2f2e4 StaticDependenciesID=f8b93637c867998ce3fddf88b656a0ce 
Number of updated asset objects reloaded before import = 0
Number of asset objects unloaded after import = 0
========================================================================
Received Import Request.
  Time of request: 2026-10-02T23:52:19.304333Z
  Time since last request: 0.5708288 seconds.
  importAddress: GUID: 14a5459b46f69064cb9575aab1f977c0 - Path: Assets/scripts/EnemyNavMesh.cs - Importer: ScriptedImporter/UnityEditor.QuickSearchModule:UnityEditor.Search:ASIAI0B
Importing 'GUID: 14a5459b46f69064cb9575aab1f977c0 - Path: Assets/scripts/EnemyNavMesh.cs - Importer: ScriptedImporter/UnityEditor.QuickSearchModule:UnityEditor.Search:ASIAI0B' with importer (ScriptedImporter : UnityEditor.QuickSearchModule:UnityEditor.Search:ASIAI0B)
Imported 'GUID: 14a5459b46f69064cb9575aab1f977c0' -> (Import Result ID: 'dd71c94e9b36acb4299e7c421379a6f3') in 0.004 seconds [static and dynamic dependencies]. Details - ImportResultOutputID=fee8201ca10c42ef0fb59bb746d7126d DependenciesID=677839f719616058edcf27e750d2ce64 StaticDependenciesID=6676d9927c3c235c7e72f2def517119f 
Number of updated asset objects reloaded before import = 0
Number of asset objects unloaded after import = 0
========================================================================
Received Prepare
AcceleratorClientConnectionCallback - disconnected - :0
[Licensing::Client] Successfully resolved entitlement details
Begin MonoManager ReloadAssembly
Refreshing native plugins compatible for Editor in 3.37 ms, found 4 plugins.
Native extension for WindowsStandalone target not found
[Package Manager] Failed to launch server process. Reason: Unity was launched with the -noUpm command-line argument
[Package Manager] Unable to send message (not connected to server process).
[Package Manager] Cannot connect to Unity Package Manager local server
[Package Manager] Failed to launch server process. Reason: Unity was launched with the -noUpm command-line argument
[Package Manager] Unable to send message (not connected to server process).
[Package Manager] Cannot connect to Unity Package Manager local server
ScheduleIndexationOnStartup MainProcess:False IndexOnStartup:True
Mono: successfully reloaded assembly
- Finished resetting the current domain, in  0.989 seconds
Domain Reload Profiling: 2230ms
	BeginReloadAssembly (285ms)
		DisableScriptedObjects (14ms)
		CreateAndSetChildDomain (67ms)
	RebuildCommonClasses (11ms)
	RebuildNativeTypeToScriptingClass (23ms)
	initialDomainReloadingComplete (101ms)
	LoadAllAssembliesAndSetupDomain (819ms)
		LoadAssemblies (511ms)
		AnalyzeDomain (277ms)
			TypeCache.Refresh (19ms)
			BuildScriptInfoCaches (250ms)
			ResolveRequiredComponents (6ms)
	FinalizeReload (991ms)
		SetupLoadedEditorAssemblies (0ms)
			InitializePlatformSupportModulesInManaged (3ms)
			BeforeProcessingInitializeOnLoad (131ms)
			ProcessInitializeOnLoadAttributes (362ms)
			ProcessInitializeOnLoadMethodAttributes (149ms)
			AfterProcessingInitializeOnLoad (16ms)
		AwakeInstancesAfterBackupRestoration (37ms)
Refreshing native plugins compatible for Editor in 2.40 ms, found 4 plugins.
Unloading 22 Unused Serialized files (Serialized files now loaded: 0)
Unloading 6627 unused Assets / (4.8 MB). Loaded Objects now: 7507.
Memory consumption went from 335.2 MB to 330.3 MB.
Total: 13.676600 ms (FindLiveObjects: 0.962200 ms CreateObjectMapping: 3.380400 ms MarkObjects: 5.915500 ms  DeleteObjects: 3.417600 ms)

Prepare: number of updated asset objects reloaded= 0
========================================================================
Received Import Request.
  Time of request: 2026-10-02T23:52:26.3544197Z
  Time since last request: 7.0378096 seconds.
  importAddress: GUID: 14a5459b46f69064cb9575aab1f977c0 - Path: Assets/scripts/EnemyNavMesh.cs - Importer: PreviewImporter
Importing 'GUID: 14a5459b46f69064cb9575aab1f977c0 - Path: Assets/scripts/EnemyNavMesh.cs - Importer: PreviewImporter' with importer (PreviewImporter)
Imported 'GUID: 14a5459b46f69064cb9575aab1f977c0' -> (Import Result ID: 'b2fcea00089a0c8830160eba692d6bd3') in 0.002 seconds [static and dynamic dependencies]. Details - ImportResultOutputID=ebca2ef83f675debbc1ea0178756a59b DependenciesID=60636e15fb41c55c4015436d934278a1 StaticDependenciesID=f8b93637c867998ce3fddf88b656a0ce 
Number of updated asset objects reloaded before import = 0
Number of asset objects unloaded after import = 0
========================================================================
Received Prepare
AcceleratorClientConnectionCallback - disconnected - :0
Refreshing native plugins compatible for Editor in 2.56 ms, found 4 plugins.
Unloading 22 Unused Serialized files (Serialized files now loaded: 0)
Unloading 6616 unused Assets / (6.0 MB). Loaded Objects now: 7507.
Memory consumption went from 337.2 MB to 331.3 MB.
Total: 14.454600 ms (FindLiveObjects: 1.006500 ms CreateObjectMapping: 2.693800 ms MarkObjects: 7.204700 ms  DeleteObjects: 3.548200 ms)

Prepare: number of updated asset objects reloaded= 0
========================================================================
Received Import Request.
  Time of request: 2026-10-03T00:18:40.5174463Z
  Time since last request: 1574.13707240000008 seconds.
  importAddress: GUID: 14a5459b46f69064cb9575aab1f977c0 - Path: Assets/scripts/EnemyNavMesh.cs - Importer: PreviewImporter
Importing 'GUID: 14a5459b46f69064cb9575aab1f977c0 - Path: Assets/scripts/EnemyNavMesh.cs - Importer: PreviewImporter' with importer (PreviewImporter)
Imported 'GUID: 14a5459b46f69064cb9575aab1f977c0' -> (Import Result ID: '7556f21a912cef634826c42474037494') in 0.002 seconds [static and dynamic dependencies]. Details - ImportResultOutputID=ebca2ef83f675debbc1ea0178756a59b DependenciesID=946b57b65987a6f39d4c12996d45f5b2 StaticDependenciesID=e6b2133a99d42b0df7d5c51d2d2c9abb 
Number of updated asset objects reloaded before import = 0
Number of asset objects unloaded after import = 0
========================================================================
Received Prepare
AcceleratorClientConnectionCallback - disconnected - :0
Refreshing native plugins compatible for Editor in 2.57 ms, found 4 plugins.
Unloading 22 Unused Serialized files (Serialized files now loaded: 0)
Unloading 6616 unused Assets / (5.4 MB). Loaded Objects now: 7507.
Memory consumption went from 337.3 MB to 331.9 MB.
Total: 12.749500 ms (FindLiveObjects: 0.940200 ms CreateObjectMapping: 2.709100 ms MarkObjects: 6.264300 ms  DeleteObjects: 2.834800 ms)

Prepare: number of updated asset objects reloaded= 0
========================================================================
Received Import Request.
  Time of request: 2026-10-03T00:37:58.7516452Z
  Time since last request: 1158.20837879999999 seconds.
  importAddress: GUID: 14a5459b46f69064cb9575aab1f977c0 - Path: Assets/scripts/EnemyNavMesh.cs - Importer: PreviewImporter
Importing 'GUID: 14a5459b46f69064cb9575aab1f977c0 - Path: Assets/scripts/EnemyNavMesh.cs - Importer: PreviewImporter' with importer (PreviewImporter)
Imported 'GUID: 14a5459b46f69064cb9575aab1f977c0' -> (Import Result ID: '728201bf40f8d72f34714737aed981dc') in 0.002 seconds [static and dynamic dependencies]. Details - ImportResultOutputID=ebca2ef83f675debbc1ea0178756a59b DependenciesID=34ae5248d8a447b6ec10ec1fcabfdbd0 StaticDependenciesID=45e2d03ae86a452e77a59010c6db34e4 
Number of updated asset objects reloaded before import = 0
Number of asset objects unloaded after import = 0
========================================================================
Received Prepare
AcceleratorClientConnectionCallback - disconnected - :0
[Licensing::Client] Successfully resolved entitlement details
Begin MonoManager ReloadAssembly
Native extension for WindowsStandalone target not found
[Package Manager] Failed to launch server process. Reason: Unity was launched with the -noUpm command-line argument
[Package Manager] Unable to send message (not connected to server process).
[Package Manager] Cannot connect to Unity Package Manager local server
[Package Manager] Failed to launch server process. Reason: Unity was launched with the -noUpm command-line argument
[Package Manager] Unable to send message (not connected to server process).
[Package Manager] Cannot connect to Unity Package Manager local server
ScheduleIndexationOnStartup MainProcess:False IndexOnStartup:True
Mono: successfully reloaded assembly
- Finished resetting the current domain, in  0.527 seconds
Domain Reload Profiling: 1487ms
	BeginReloadAssembly (356ms)
		DisableScriptedObjects (16ms)
		CreateAndSetChildDomain (75ms)
	RebuildCommonClasses (12ms)
	RebuildNativeTypeToScriptingClass (23ms)
	initialDomainReloadingComplete (105ms)
	LoadAllAssembliesAndSetupDomain (464ms)
		LoadAssemblies (377ms)
		AnalyzeDomain (173ms)
			TypeCache.Refresh (9ms)
			BuildScriptInfoCaches (158ms)
			ResolveRequiredComponents (4ms)
	FinalizeReload (527ms)
		SetupLoadedEditorAssemblies (0ms)
			BeforeProcessingInitializeOnLoad (66ms)
			ProcessInitializeOnLoadAttributes (199ms)
			ProcessInitializeOnLoadMethodAttributes (90ms)
			AfterProcessingInitializeOnLoad (5ms)
		AwakeInstancesAfterBackupRestoration (15ms)
Unloading 22 Unused Serialized files (Serialized files now loaded: 0)
Unloading 6627 unused Assets / (5.2 MB). Loaded Objects now: 7510.
Memory consumption went from 338.3 MB to 333.1 MB.
Total: 6.679700 ms (FindLiveObjects: 0.406900 ms CreateObjectMapping: 1.151200 ms MarkObjects: 3.599500 ms  DeleteObjects: 1.521600 ms)

Prepare: number of updated asset objects reloaded= 0
========================================================================
Received Prepare
AcceleratorClientConnectionCallback - disconnected - :0
Begin MonoManager ReloadAssembly
Native extension for WindowsStandalone target not found
[Package Manager] Failed to launch server process. Reason: Unity was launched with the -noUpm command-line argument
[Package Manager] Unable to send message (not connected to server process).
[Package Manager] Cannot connect to Unity Package Manager local server
[Package Manager] Failed to launch server process. Reason: Unity was launched with the -noUpm command-line argument
[Package Manager] Unable to send message (not connected to server process).
[Package Manager] Cannot connect to Unity Package Manager local server
ScheduleIndexationOnStartup MainProcess:False IndexOnStartup:True
Mono: successfully reloaded assembly
- Finished resetting the current domain, in  0.534 seconds
Domain Reload Profiling: 1029ms
	BeginReloadAssembly (163ms)
		DisableScriptedObjects (7ms)
		CreateAndSetChildDomain (34ms)
	RebuildCommonClasses (6ms)
	RebuildNativeTypeToScriptingClass (11ms)
	initialDomainReloadingComplete (44ms)
	LoadAllAssembliesAndSetupDomain (269ms)
		LoadAssemblies (241ms)
		AnalyzeDomain (13ms)
			TypeCache.Refresh (6ms)
			ResolveRequiredComponents (4ms)
	FinalizeReload (535ms)
		SetupLoadedEditorAssemblies (0ms)
			BeforeProcessingInitializeOnLoad (65ms)
			ProcessInitializeOnLoadAttributes (200ms)
			ProcessInitializeOnLoadMethodAttributes (93ms)
			AfterProcessingInitializeOnLoad (5ms)
		AwakeInstancesAfterBackupRestoration (16ms)
Unloading 22 Unused Serialized files (Serialized files now loaded: 0)
Unloading 6627 unused Assets / (5.3 MB). Loaded Objects now: 7513.
Memory consumption went from 340.8 MB to 335.4 MB.
Total: 6.509800 ms (FindLiveObjects: 0.488400 ms CreateObjectMapping: 1.201300 ms MarkObjects: 3.293500 ms  DeleteObjects: 1.526000 ms)

Prepare: number of updated asset objects reloaded= 0
========================================================================
Received Prepare
AcceleratorClientConnectionCallback - disconnected - :0
Begin MonoManager ReloadAssembly
Native extension for WindowsStandalone target not found
[Package Manager] Failed to launch server process. Reason: Unity was launched with the -noUpm command-line argument
[Package Manager] Unable to send message (not connected to server process).
[Package Manager] Cannot connect to Unity Package Manager local server
[Package Manager] Failed to launch server process. Reason: Unity was launched with the -noUpm command-line argument
[Package Manager] Unable to send message (not connected to server process).
[Package Manager] Cannot connect to Unity Package Manager local server
ScheduleIndexationOnStartup MainProcess:False IndexOnStartup:True
Mono: successfully reloaded assembly
- Finished resetting the current domain, in  0.534 seconds
Domain Reload Profiling: 1022ms
	BeginReloadAssembly (162ms)
		DisableScriptedObjects (8ms)
		CreateAndSetChildDomain (33ms)
	RebuildCommonClasses (7ms)
	RebuildNativeTypeToScriptingClass (11ms)
	initialDomainReloadingComplete (45ms)
	LoadAllAssembliesAndSetupDomain (263ms)
		LoadAssemblies (237ms)
		AnalyzeDomain (13ms)
			TypeCache.Refresh (6ms)
			ResolveRequiredComponents (4ms)
	FinalizeReload (535ms)
		SetupLoadedEditorAssemblies (0ms)
			BeforeProcessingInitializeOnLoad (65ms)
			ProcessInitializeOnLoadAttributes (202ms)
			ProcessInitializeOnLoadMethodAttributes (93ms)
			AfterProcessingInitializeOnLoad (5ms)
		AwakeInstancesAfterBackupRestoration (15ms)
Unloading 22 Unused Serialized files (Serialized files now loaded: 0)
Unloading 6627 unused Assets / (5.2 MB). Loaded Objects now: 7516.
Memory consumption went from 342.8 MB to 337.6 MB.
Total: 6.427700 ms (FindLiveObjects: 0.459500 ms CreateObjectMapping: 1.194100 ms MarkObjects: 3.306100 ms  DeleteObjects: 1.467300 ms)

Prepare: number of updated asset objects reloaded= 0
========================================================================
Received Prepare
AcceleratorClientConnectionCallback - disconnected - :0
[Licensing::Client] Successfully resolved entitlement details
Begin MonoManager ReloadAssembly
Native extension for WindowsStandalone target not found
[Package Manager] Failed to launch server process. Reason: Unity was launched with the -noUpm command-line argument
[Package Manager] Unable to send message (not connected to server process).
[Package Manager] Cannot connect to Unity Package Manager local server
[Package Manager] Failed to launch server process. Reason: Unity was launched with the -noUpm command-line argument
[Package Manager] Unable to send message (not connected to server process).
[Package Manager] Cannot connect to Unity Package Manager local server
ScheduleIndexationOnStartup MainProcess:False IndexOnStartup:True
Mono: successfully reloaded assembly
- Finished resetting the current domain, in  0.537 seconds
Domain Reload Profiling: 1036ms
	BeginReloadAssembly (163ms)
		DisableScriptedObjects (8ms)
		CreateAndSetChildDomain (33ms)
	RebuildCommonClasses (6ms)
	RebuildNativeTypeToScriptingClass (12ms)
	initialDomainReloadingComplete (44ms)
	LoadAllAssembliesAndSetupDomain (272ms)
		LoadAssemblies (246ms)
		AnalyzeDomain (13ms)
			TypeCache.Refresh (6ms)
			ResolveRequiredComponents (4ms)
	FinalizeReload (538ms)
		SetupLoadedEditorAssemblies (0ms)
			BeforeProcessingInitializeOnLoad (64ms)
			ProcessInitializeOnLoadAttributes (205ms)
			ProcessInitializeOnLoadMethodAttributes (93ms)
			AfterProcessingInitializeOnLoad (5ms)
		AwakeInstancesAfterBackupRestoration (15ms)
Unloading 22 Unused Serialized files (Serialized files now loaded: 0)
Unloading 6627 unused Assets / (5.3 MB). Loaded Objects now: 7519.
Memory consumption went from 344.8 MB to 339.5 MB.
Total: 6.724400 ms (FindLiveObjects: 0.462700 ms CreateObjectMapping: 1.169300 ms MarkObjects: 3.546500 ms  DeleteObjects: 1.545300 ms)

Prepare: number of updated asset objects reloaded= 0
========================================================================
Received Prepare
AcceleratorClientConnectionCallback - disconnected - :0
[Licensing::Client] Successfully resolved entitlement details
Begin MonoManager ReloadAssembly
Native extension for WindowsStandalone target not found
[Package Manager] Failed to launch server process. Reason: Unity was launched with the -noUpm command-line argument
[Package Manager] Unable to send message (not connected to server process).
[Package Manager] Cannot connect to Unity Package Manager local server
[Package Manager] Failed to launch server process. Reason: Unity was launched with the -noUpm command-line argument
[Package Manager] Unable to send message (not connected to server process).
[Package Manager] Cannot connect to Unity Package Manager local server
ScheduleIndexationOnStartup MainProcess:False IndexOnStartup:True
Mono: successfully reloaded assembly
- Finished resetting the current domain, in  0.539 seconds
Domain Reload Profiling: 1066ms
	BeginReloadAssembly (204ms)
		DisableScriptedObjects (53ms)
		CreateAndSetChildDomain (33ms)
	RebuildCommonClasses (7ms)
	RebuildNativeTypeToScriptingClass (12ms)
	initialDomainReloadingComplete (43ms)
	LoadAllAssembliesAndSetupDomain (261ms)
		LoadAssemblies (233ms)
		AnalyzeDomain (13ms)
			TypeCache.Refresh (6ms)
			ResolveRequiredComponents (4ms)
	FinalizeReload (540ms)
		SetupLoadedEditorAssemblies (0ms)
			BeforeProcessingInitializeOnLoad (65ms)
			ProcessInitializeOnLoadAttributes (207ms)
			ProcessInitializeOnLoadMethodAttributes (92ms)
			AfterProcessingInitializeOnLoad (5ms)
		AwakeInstancesAfterBackupRestoration (15ms)
Unloading 22 Unused Serialized files (Serialized files now loaded: 0)
Unloading 6627 unused Assets / (5.4 MB). Loaded Objects now: 7522.
Memory consumption went from 346.9 MB to 341.5 MB.
Total: 7.661700 ms (FindLiveObjects: 0.645700 ms CreateObjectMapping: 1.637100 ms MarkObjects: 3.776100 ms  DeleteObjects: 1.601300 ms)

Prepare: number of updated asset objects reloaded= 0
========================================================================
Received Prepare
AcceleratorClientConnectionCallback - disconnected - :0
Unloading 22 Unused Serialized files (Serialized files now loaded: 0)
Unloading 22 unused Assets / (2.6 MB). Loaded Objects now: 7522.
Memory consumption went from 344.1 MB to 341.5 MB.
Total: 5.140100 ms (FindLiveObjects: 0.327900 ms CreateObjectMapping: 0.704400 ms MarkObjects: 3.821800 ms  DeleteObjects: 0.285300 ms)

Prepare: number of updated asset objects reloaded= 0
Editor requested this worker to shutdown with reason: Editor is closing down
AcceleratorClientConnectionCallback - disconnected - :0
AssetImportWorker is now disconnected from the server
Process exiting
Exiting without the bug reporter. Application will terminate with return code 0