[2026-10-09T20:56:49.221Z][INFO] Command-line: 'C:\\Program Files\\Unity\\Hub\\Editor\\6000.5.7f1\\Editor\\Data\\Resources\\PackageManager\\Server\\UnityPackageManager.exe' server -s 21488 --ipc-path Unity-Upm-21488 -l 2 --log-file C:\\Users\\00000859601\\Documents\\GitHub\\oto\\HUGUINHO/Logs/upm.log
[2026-10-09T20:56:49.248Z][INFO] IPC server started (IPC path=Unity-Upm-21488).
[2026-10-09T20:56:49.248Z][INFO] Hint: To connect to this UPM instance, launch Unity with the command-line parameter -upmIpcPath Upm-21488.
[2026-10-09T20:56:51.588Z][INFO] project:list-packages <-- Request received
params: {}
[2026-10-09T20:56:51.717Z][INFO] project:list-packages <-- Request received
params: {}
[2026-10-09T20:56:51.740Z][INFO] config:project:get-registries <-- Request received
params: {}
[2026-10-09T20:56:51.749Z][INFO] project:list-packages --> 200 (161 ms)
[2026-10-09T20:56:51.750Z][INFO] config:project:get-registries --> 200 (10 ms)
[2026-10-09T20:56:51.857Z][INFO] project:list-packages --> 200 (140 ms)
[2026-10-09T20:57:01.143Z][INFO] project:list-packages <-- Request received
params: {}
[2026-10-09T20:57:01.160Z][INFO] project:list-packages <-- Request received
params: {}
[2026-10-09T20:57:01.274Z][INFO] project:list-packages --> 200 (130 ms)
[2026-10-09T20:57:01.287Z][INFO] project:list-packages --> 200 (127 ms)
[2026-10-09T20:57:02.797Z][INFO] project:list-packages <-- Request received
params: {}
[2026-10-09T20:57:02.876Z][INFO] project:list-packages --> 200 (79 ms)
[2026-10-09T20:57:03.012Z][INFO] config:project:get-registries <-- Request received
params: {}
[2026-10-09T20:57:03.014Z][INFO] config:project:get-registries --> 200 (2 ms)
[2026-10-09T20:57:04.778Z][INFO] project:list-packages <-- Request received
params: {}
[2026-10-09T20:57:04.884Z][INFO] project:list-packages --> 200 (106 ms)
[2026-10-09T20:57:07.485Z][INFO] project:list-packages <-- Request received
params: {}
[2026-10-09T20:57:08.161Z][INFO] Downloading package [com.unity.package-manager.metadata-6000.5@0.0.102] from registry 'https://packages.unity.com'
[2026-10-09T20:57:09.425Z][INFO] Finished downloading package [com.unity.package-manager.metadata-6000.5@0.0.102] from registry 'https://packages.unity.com' (size: 11.5 kB, time: 1.2s)
[2026-10-09T20:57:11.018Z][INFO] project:list-packages --> 200 (3533 ms)
[2026-10-09T22:56:03.383Z][INFO] project:list-packages <-- Request received
params: {}
[2026-10-09T22:56:03.925Z][INFO] project:list-packages <-- Request received
params: {}
[2026-10-09T22:56:05.472Z][INFO] project:list-packages <-- Request received
params: {}
[2026-10-09T22:56:05.769Z][INFO] project:list-packages --> 200 (1845 ms)
[2026-10-09T22:56:05.770Z][INFO] project:list-packages --> 200 (2388 ms)
[2026-10-09T22:56:05.900Z][INFO] project:list-packages --> 200 (428 ms)
[2026-10-09T22:56:06.122Z][INFO] project:list-packages <-- Request received
params: {}
[2026-10-09T22:56:06.295Z][INFO] project:list-packages --> 200 (174 ms)
[2026-10-10T00:44:36.091Z][INFO] project:list-packages <-- Request received
params: {}
[2026-10-10T00:44:36.163Z][INFO] project:list-packages --> 200 (72 ms)
[2026-10-10T00:44:36.312Z][INFO] project:list-packages <-- Request received
params: {}
[2026-10-10T00:44:36.402Z][INFO] project:list-packages --> 200 (90 ms)
[2026-10-10T00:44:36.425Z][INFO] config:project:get-registries <-- Request received
params: {}
[2026-10-10T00:44:36.427Z][INFO] config:project:get-registries --> 200 (2 ms)
[2026-10-10T00:44:39.955Z][INFO] project:list-packages <-- Request received
params: {}
[2026-10-10T00:44:40.021Z][INFO] project:list-packages --> 200 (66 ms)
[2026-10-10T00:44:40.175Z][INFO] project:list-packages <-- Request received
params: {}
[2026-10-10T00:44:40.263Z][INFO] project:list-packages --> 200 (88 ms)
[2026-10-10T00:44:40.293Z][INFO] config:project:get-registries <-- Request received
params: {}
[2026-10-10T00:44:40.295Z][INFO] config:project:get-registries --> 200 (2 ms)
[2026-10-10T00:45:14.298Z][INFO] project:list-packages <-- Request received
params: {}
[2026-10-10T00:45:14.365Z][INFO] project:list-packages --> 200 (67 ms)
[2026-10-10T00:45:14.525Z][INFO] project:list-packages <-- Request received
params: {}
[2026-10-10T00:45:14.620Z][INFO] project:list-packages --> 200 (95 ms)
[2026-10-10T00:45:14.648Z][INFO] config:project:get-registries <-- Request received
params: {}
[2026-10-10T00:45:14.650Z][INFO] config:project:get-registries --> 200 (2 ms)
[2026-10-10T00:45:44.821Z][INFO] project:list-packages <-- Request received
params: {}
[2026-10-10T00:45:44.889Z][INFO] project:list-packages --> 200 (68 ms)
[2026-10-10T00:45:45.043Z][INFO] project:list-packages <-- Request received
params: {}
[2026-10-10T00:45:45.131Z][INFO] project:list-packages --> 200 (88 ms)
[2026-10-10T00:45:45.160Z][INFO] config:project:get-registries <-- Request received
params: {}
[2026-10-10T00:45:45.163Z][INFO] config:project:get-registries --> 200 (3 ms)
[2026-10-10T00:46:12.405Z][INFO] project:list-packages <-- Request received
params: {}
[2026-10-10T00:46:12.477Z][INFO] project:list-packages --> 200 (72 ms)
[2026-10-10T00:46:12.646Z][INFO] project:list-packages <-- Request received
params: {}
[2026-10-10T00:46:12.736Z][INFO] project:list-packages --> 200 (90 ms)
[2026-10-10T00:46:12.782Z][INFO] config:project:get-registries <-- Request received
params: {}
[2026-10-10T00:46:12.784Z][INFO] config:project:get-registries --> 200 (2 ms)
